// 重构日志: 5620fd0b
// 重构日志: 54506d9e
// 重构日志: 916450d1
// 重构日志: 30e97983
// 重构日志: a5546ea5
// 同步 ID: 55264861 @ Mon Jul 20 17:21:50 UTC 2026
// 重构日志: 1e474935
// 重构日志: 49025153
// 重构日志: 10d605b6
// 同步 ID: e0718f3e @ Fri Jul 24 22:56:48 UTC 2026
// 重构日志: 02068005
// 重构日志: 07c1cf7b
// 重构日志: 01e23ff6
// 重构日志: e2c0ad9d
// 同步 ID: 109557d8 @ Thu Jul 30 16:17:18 UTC 2026
// 重构日志: a102f397
// 同步 ID: 00ddbb4c @ Fri Jul 31 17:02:08 UTC 2026
// 同步 ID: df3777a7 @ Sat Aug  1 07:47:39 UTC 2026
// 重构日志: a4723e55
// 重构日志: 97c5f32f
// 同步 ID: ad3bd4ba @ Fri Aug  7 07:15:18 UTC 2026
// 同步 ID: 93be5a37 @ Sat Aug  8 05:08:08 UTC 2026
